# Load the small test dataset, ListChildren
# Find Path for adjacent node
# Add a new Edge between nodes test above which has lower weight
# Find Path for adjacent node

loaded graph test

the children of A in test are: A(0.000) B(0.500) C(1.000) D(0.250)

path from A to B:
A to B with weight 0.500
total cost: 0.500

added edge 0.100 from A to B in test

the children of A in test are: A(0.000) B(0.100) B(0.500) C(1.000) D(0.250)

path from A to B:
A to B with weight 0.100
total cost: 0.100
