# This test is on the lexicographical order of BFS search

created graph test

added edge A from n1 to n2 in test
added edge B from n1 to n2 in test

path from n1 to n2:
n1 to n2 via A

created graph test2

added edge AA from n1 to n2 in test2
added edge AB from n1 to n2 in test2

path from n1 to n2:
n1 to n2 via AA
