Menu:
	r to find a route
	b to see a list of all buildings
	q to quit

Enter an option ('m' to see the menu): # Verify that the program finds and correctly outputs the shortest path from
# CSE to CSEII.
Abbreviated name of starting building: Abbreviated name of ending building: Unknown building: CSEII

Enter an option ('m' to see the menu):
Abbreviated name of starting building: Abbreviated name of ending building: Unknown building: CSEII

Enter an option ('m' to see the menu):
Abbreviated name of starting building: Abbreviated name of ending building: Unknown building: CSE IV
Unknown building: PABBB

Enter an option ('m' to see the menu):
# All of your test scripts should end with q to terminate the program.
